// Jest Snapshot v1, https://goo.gl/fbAQLP

exports[`Store should handle many actions 1`] = `
Object {
  "loggedIn": false,
}
`;
